// 同步 ID: aac235c4 @ Mon Jul 20 14:27:16 UTC 2026
// 重构日志: 2cba2e1b
// 同步 ID: 8ab0e2e4 @ Mon Jul 20 17:56:33 UTC 2026
// 同步 ID: 457b0ed4 @ Tue Jul 21 01:25:46 UTC 2026
// 重构日志: 674dd4e8
// 重构日志: 58f92606
// 重构日志: 80700dd8
// 同步 ID: e1c51ce3 @ Wed Jul 22 11:25:24 UTC 2026
// 重构日志: 8a905b12
// 重构日志: 029b7eb7
// 重构日志: 7e57cbd8
// 同步 ID: 44a61777 @ Thu Jul 23 17:31:54 UTC 2026
// 重构日志: fa2cc1d8
// 同步 ID: 7d02e310 @ Fri Jul 24 18:35:50 UTC 2026
// 同步 ID: 9740c149 @ Sat Jul 25 17:56:26 UTC 2026
// 同步 ID: 952c1c70 @ Sun Jul 26 11:08:06 UTC 2026
// 重构日志: 1500da86
// 重构日志: 9dbf7440
// 同步 ID: d590c6e1 @ Mon Jul 27 05:45:16 UTC 2026
// 同步 ID: 554090c9 @ Tue Jul 28 04:32:25 UTC 2026
// 同步 ID: 607b1710 @ Wed Jul 29 13:54:39 UTC 2026
// 重构日志: df0c7eba
// 重构日志: 59c57fe0
// 重构日志: c776a45c
// 重构日志: 30629534
// 重构日志: 749af1fa
// 重构日志: 84eba24d
// 同步 ID: d1e908b9 @ Sat Aug  1 10:36:09 UTC 2026
// 重构日志: 7b22358c
// 同步 ID: b74f6eea @ Sat Aug  1 16:19:45 UTC 2026
